
SQL*Plus: Release 21.0.0.0.0 - Production on Sat May 27 22:53:38 2023
Version 21.3.0.0.0

Copyright (c) 1982, 2021, Oracle.  All rights reserved.

Enter user-name: system
Enter password:

Connected to:
Oracle Database 21c Express Edition Release 21.0.0.0.0 - Production
Version 21.3.0.0.0

SQL> @"F:\BCA\Programs\Manipal\DBMS\DBMS - Practical\Exercise_9_function_add.sql"

Function created.

SQL> set serveroutput on;

SQL> @"F:\BCA\Programs\Manipal\DBMS\DBMS - Practical\Exercise_9_fun_call.sql"
SUM = 30

PL/SQL procedure successfully completed.

SQL> drop table employee;

Table dropped.

SQL> create table employee (emp_number int,emp_name varchar(30),deptno int,emp_sal int);

SQL> desc employee;
 Name                                      Null?    Type
 ----------------------------------------- -------- ----------------------------
 EMP_NUMBER                                         NUMBER(38)
 EMP_NAME                                           VARCHAR2(30)
 DEPTNO                                             NUMBER(38)
 EMP_SAL                                            NUMBER(38)

SQL> insert into employee values (1,'abc',100,50000);

1 row created.

SQL> insert into employee values (2,'abcd',200,60000);

1 row created.

SQL> insert into employee values (3,'xyz',300,70000);

1 row created.

SQL> insert into employee values (4,'abcde',400,70000);

1 row created.

SQL> select *from employee;

EMP_NUMBER EMP_NAME                           DEPTNO    EMP_SAL
---------- ------------------------------ ---------- ----------
         1 abc                                   100      50000
         2 abcd                                  200      60000
         3 xyz                                   300      70000
         4 abcde                                 400      70000


SQL> @"F:\BCA\Programs\Manipal\DBMS\DBMS - Practical\Exercise_9_cursor_with_function.sql"

Warning: Function created with compilation errors.

SQL> @"F:\BCA\Programs\Manipal\DBMS\DBMS - Practical\Exercise_9_cursor_with_function_call.sql"
        ne := count_emp(xsal);
              *
ERROR at line 6:
ORA-06550: line 6, column 8:
PLS-00905: object SYS.COUNT_EMP is invalid
ORA-06550: line 6, column 2:
PL/SQL: Statement ignored